0464:Call ntdll.towupper(00000069) ret=6fffffc382cb
0464:Ret  ntdll.towupper() retval=00000049 ret=6fffffc382cb
0464:Call ntdll.towupper(00000069) ret=6fffffc382d4
0464:Ret  ntdll.towupper() retval=00000049 ret=6fffffc382d4
0464:Call ntdll.towupper(00000067) ret=6fffffc382cb
0464:Ret  ntdll.towupper() retval=00000047 ret=6fffffc382cb
0464:Call ntdll.towupper(00000067) ret=6fffffc382d4
0464:Ret  ntdll.towupper() retval=00000047 ret=6fffffc382d4
0464:Call ntdll.towupper(0000004d) ret=6fffffc382cb
0464:Ret  ntdll.towupper() retval=0000004d ret=6fffffc382cb
0464:Call ntdll.towupper(0000004d) ret=6fffffc382d4
0464:Ret  ntdll.towupper() retval=0000004d ret=6fffffc382d4
0464:Call ntdll.towupper(00000061) ret=6fffffc382cb
0464:Ret  ntdll.towupper() retval=00000041 ret=6fffffc382cb
0464:Call ntdll.towupper(00000061) ret=6fffffc382d4
0464:Ret  ntdll.towupper() retval=00000041 ret=6fffffc382d4
0464:Call ntdll.towupper(0000006b) ret=6fffffc382cb
0464:Ret  ntdll.towupper() retval=0000004b ret=6fffffc382cb
0464:Call ntdll.towupper(0000006b) ret=6fffffc382d4
0464:Ret  ntdll.towupper() retval=0000004b ret=6fffffc382d4
0464:Call ntdll.towupper(00000065) ret=6fffffc382cb
0464:Ret  ntdll.towupper() retval=00000045 ret=6fffffc382cb
0464:Call ntdll.towupper(00000065) ret=6fffffc382d4
0464:Ret  ntdll.towupper() retval=00000045 ret=6fffffc382d4
0464:Call ntdll.towupper(00000072) ret=6fffffc382cb
0464:Ret  ntdll.towupper() retval=00000052 ret=6fffffc382cb
0464:Call ntdll.towupper(00000072) ret=6fffffc382d4
0464:Ret  ntdll.towupper() retval=00000052 ret=6fffffc382d4
0464:Call ntdll.towupper(0000002e) ret=6fffffc382cb
0464:Ret  ntdll.towupper() retval=0000002e ret=6fffffc382cb
0464:Call ntdll.towupper(0000005f) ret=6fffffc382d4
0464:Ret  ntdll.towupper() retval=0000005f ret=6fffffc382d4
0464:Call ntdll.towupper(00000043) ret=6fffffc382cb
0464:Ret  ntdll.towupper() retval=00000043 ret=6fffffc382cb
0464:Call ntdll.towupper(00000043) ret=6fffffc382d4
0464:Ret  ntdll.towupper() retval=00000043 ret=6fffffc382d4
0464:Call ntdll.towupper(0000006f) ret=6fffffc382cb
0464:Ret  ntdll.towupper() retval=0000004f ret=6fffffc382cb
0464:Call ntdll.towupper(0000004f) ret=6fffffc382d4
0464:Ret  ntdll.towupper() retval=0000004f ret=6fffffc382d4
0464:Call ntdll.towupper(0000006e) ret=6fffffc382cb
0464:Ret  ntdll.towupper() retval=0000004e ret=6fffffc382cb
0464:Call ntdll.towupper(0000004e) ret=6fffffc382d4
0464:Ret  ntdll.towupper() retval=0000004e ret=6fffffc382d4
0464:Call ntdll.towupper(00000066) ret=6fffffc382cb
0464:Ret  ntdll.towupper() retval=00000046 ret=6fffffc382cb
0464:Call ntdll.towupper(00000046) ret=6fffffc382d4
0464:Ret  ntdll.towupper() retval=00000046 ret=6fffffc382d4
0464:Call ntdll.towupper(00000069) ret=6fffffc382cb
0464:Ret  ntdll.towupper() retval=00000049 ret=6fffffc382cb
0464:Call ntdll.towupper(0000007e) ret=6fffffc382d4
0464:Ret  ntdll.towupper() retval=0000007e ret=6fffffc382d4
0464:Call ntdll.towupper(00000043) ret=6fffffc382cb
0464:Ret  ntdll.towupper() retval=00000043 ret=6fffffc382cb
0464:Call ntdll.towupper(00000064) ret=6fffffc382d4
0464:Ret  ntdll.towupper() retval=00000044 ret=6fffffc382d4
0464:Call ntdll.towupper(00000043) ret=6fffffc382cb
0464:Ret  ntdll.towupper() retval=00000043 ret=6fffffc382cb
0464:Call ntdll.towupper(00000044) ret=6fffffc382d4
0464:Ret  ntdll.towupper() retval=00000044 ret=6fffffc382d4
0464:Call ntdll.towupper(00000043) ret=6fffffc382cb
0464:Ret  ntdll.towupper() retval=00000043 ret=6fffffc382cb
0464:Call ntdll.towupper(00000064) ret=6fffffc382d4
0464:Ret  ntdll.towupper() retval=00000044 ret=6fffffc382d4
0464:Call ntdll.towupper(00000043) ret=6fffffc382cb
0464:Ret  ntdll.towupper() retval=00000043 ret=6fffffc382cb
0464:Call ntdll.towupper(00000044) ret=6fffffc382d4
0464:Ret  ntdll.towupper() retval=00000044 ret=6fffffc382d4
0464:Call ntdll.towupper(00000043) ret=6fffffc382cb
0464:Ret  ntdll.towupper() retval=00000043 ret=6fffffc382cb
0464:Call ntdll.towupper(00000064) ret=6fffffc382d4
0464:Ret  ntdll.towupper() retval=00000044 ret=6fffffc382d4
0464:Call ntdll.towupper(00000043) ret=6fffffc382cb
0464:Ret  ntdll.towupper() retval=00000043 ret=6fffffc382cb
0464:Call ntdll.towupper(00000044) ret=6fffffc382d4
0464:Ret  ntdll.towupper() retval=00000044 ret=6fffffc382d4
0464:Call ntdll.towupper(00000043) ret=6fffffc382cb
0464:Ret  ntdll.towupper() retval=00000043 ret=6fffffc382cb
0464:Call ntdll.towupper(00000065) ret=6fffffc382d4
0464:Ret  ntdll.towupper() retval=00000045 ret=6fffffc382d4
0464:Call ntdll.towupper(00000043) ret=6fffffc382cb
0464:Ret  ntdll.towupper() retval=00000043 ret=6fffffc382cb
0464:Call ntdll.towupper(00000045) ret=6fffffc382d4
0464:Ret  ntdll.towupper() retval=00000045 ret=6fffffc382d4
0464:Call ntdll.towupper(00000043) ret=6fffffc382cb
0464:Ret  ntdll.towupper() retval=00000043 ret=6fffffc382cb
0464:Call ntdll.towupper(00000070) ret=6fffffc382d4
0464:Ret  ntdll.towupper() retval=00000050 ret=6fffffc382d4
0464:Call ntdll.towupper(00000043) ret=6fffffc382cb
0464:Ret  ntdll.towupper() retval=00000043 ret=6fffffc382cb
0464:Call ntdll.towupper(00000050) ret=6fffffc382d4
0464:Ret  ntdll.towupper() retval=00000050 ret=6fffffc382d4
0464:Call ntdll.towupper(00000043) ret=6fffffc382cb
0464:Ret  ntdll.towupper() retval=00000043 ret=6fffffc382cb
0464:Call ntdll.towupper(00000052) ret=6fffffc382d4
0464:Ret  ntdll.towupper() retval=00000052 ret=6fffffc382d4
0464:Call ntdll.towupper(00000043) ret=6fffffc382cb
0464:Ret  ntdll.towupper() retval=00000043 ret=6fffffc382cb
0464:Call ntdll.towupper(00000073) ret=6fffffc382d4
0464:Ret  ntdll.towupper() retval=00000053 ret=6fffffc382d4
0464:Call ntdll.towupper(00000043) ret=6fffffc382cb
0464:Ret  ntdll.towupper() retval=00000043 ret=6fffffc382cb
0464:Call ntdll.towupper(00000053) ret=6fffffc382d4
0464:Ret  ntdll.towupper() retval=00000053 ret=6fffffc382d4
0464:Call ntdll.towupper(00000043) ret=6fffffc382cb
0464:Ret  ntdll.towupper() retval=00000043 ret=6fffffc382cb
0464:Call ntdll.towupper(00000055) ret=6fffffc382d4
0464:Ret  ntdll.towupper() retval=00000055 ret=6fffffc382d4
0464:Call ntdll.towupper(00000043) ret=6fffffc382cb
0464:Ret  ntdll.towupper() retval=00000043 ret=6fffffc382cb
0464:Call ntdll.towupper(00000055) ret=6fffffc382d4
0464:Ret  ntdll.towupper() retval=00000055 ret=6fffffc382d4
0464:Call ntdll.towupper(00000043) ret=6fffffc382cb
0464:Ret  ntdll.towupper() retval=00000043 ret=6fffffc382cb
0464:Call ntdll.towupper(00000077) ret=6fffffc382d4
0464:Ret  ntdll.towupper() retval=00000057 ret=6fffffc382d4
0464:Call ntdll.towupper(00000043) ret=6fffffc382cb
0464:Ret  ntdll.towupper() retval=00000043 ret=6fffffc382cb
0464:Call ntdll.towupper(00000057) ret=6fffffc382d4
0464:Ret  ntdll.towupper() retval=00000057 ret=6fffffc382d4
0464:Call ntdll.towupper(00000043) ret=6fffffc382cb
0464:Ret  ntdll.towupper() retval=00000043 ret=6fffffc382cb
0464:Call ntdll.towupper(00000057) ret=6fffffc382d4
0464:Ret  ntdll.towupper() retval=00000057 ret=6fffffc382d4
0464:Call ntdll.towupper(00000043) ret=6fffffc382cb
0464:Ret  ntdll.towupper() retval=00000043 ret=6fffffc382cb
0464:Call ntdll.towupper(00000057) ret=6fffffc382d4
0464:Ret  ntdll.towupper() retval=00000057 ret=6fffffc382d4
0464:Call ntdll.towupper(00000043) ret=6fffffc382cb
0464:Ret  ntdll.towupper() retval=00000043 ret=6fffffc382cb
0464:Call ntdll.towupper(00000077) ret=6fffffc382d4
0464:Ret  ntdll.towupper() retval=00000057 ret=6fffffc382d4
0464:Call ntdll.towupper(00000043) ret=6fffffc382cb
0464:Ret  ntdll.towupper() retval=00000043 ret=6fffffc382cb
0464:Call ntdll.towupper(0000005f) ret=6fffffc382d4
0464:Ret  ntdll.towupper() retval=0000005f ret=6fffffc382d4
0464:Call ntdll.NtQueryDirectoryFile(00000058,00000000,00000000,00000000,002171f0,002904e0,00002000,00000003,00000000,00000000,6fff00000000) ret=6fffffc3a742
0464:Ret  ntdll.NtQueryDirectoryFile() retval=80000006 ret=6fffffc3a742
0464:Call ntdll.RtlNtStatusToDosError(80000006) ret=6fffffc3a768
0464:Ret  ntdll.RtlNtStatusToDosError() retval=00000012 ret=6fffffc3a768
0464:Call ntdll.NtClose(00000058) ret=6fffffc759f5
0464:Ret  ntdll.NtClose() retval=00000000 ret=6fffffc759f5
0464:Call ntdll.RtlFreeUnicodeString(002904b0) ret=6fffffc3aae0
0464:Ret  ntdll.RtlFreeUnicodeString() retval=00000001 ret=6fffffc3aae0
0464:Call ntdll.RtlDeleteCriticalSection(00290480) ret=6fffffc3ab16
0464:Ret  ntdll.RtlDeleteCriticalSection() retval=00000000 ret=6fffffc3ab16
0464:Call ntdll.RtlFreeHeap(00240000,00000000,00290470) ret=6fffffc3ab37
0464:Ret  ntdll.RtlFreeHeap() retval=00000001 ret=6fffffc3ab37
0464:Ret  KERNEL32.FindFirstFileW() retval=ffffffffffffffff ret=140001a55
0464:Call KERNEL32.FindClose(ffffffffffffffff) ret=140001a61
0464:Ret  KERNEL32.FindClose() retval=00000000 ret=140001a61
0464:Call KERNEL32.GetFullPathNameW(00217490 L"C:\\windows\\system32",00000104,002178b0,00000000) ret=140001911
0464:Call ntdll.RtlGetFullPathName_U(00217490 L"C:\\windows\\system32",00000208,002178b0,00000000) ret=6fffffc3c5c4
0464:Ret  ntdll.RtlGetFullPathName_U() retval=00000026 ret=6fffffc3c5c4
0464:Ret  KERNEL32.GetFullPathNameW() retval=00000013 ret=140001911
0464:Call KERNEL32.GetFileAttributesW(002178b0 L"C:\\windows\\system32\\ConfigMaker.exe") ret=1400019f7
0464:Call ntdll.RtlDosPathNameToNtPathName_U(002178b0 L"C:\\windows\\system32\\ConfigMaker.exe",00217330,00000000,00000000) ret=6fffffc3b7e9
0464:Ret  ntdll.RtlDosPathNameToNtPathName_U() retval=00000001 ret=6fffffc3b7e9
0464:Call ntdll.NtQueryAttributesFile(00217370,00217340) ret=6fffffc3b831
0464:Ret  ntdll.NtQueryAttributesFile() retval=c0000034 ret=6fffffc3b831
0464:Call ntdll.RtlFreeUnicodeString(00217330) ret=6fffffc3b83c
0464:Ret  ntdll.RtlFreeUnicodeString() retval=00000001 ret=6fffffc3b83c
0464:Call ntdll.RtlIsDosDeviceName_U(002178b0 L"C:\\windows\\system32\\ConfigMaker.exe") ret=6fffffc3b859
0464:Ret  ntdll.RtlIsDosDeviceName_U() retval=00000000 ret=6fffffc3b859
0464:Call ntdll.RtlNtStatusToDosError(c0000034) ret=6fffffc3b86c
0464:Ret  ntdll.RtlNtStatusToDosError() retval=00000002 ret=6fffffc3b86c
0464:Ret  KERNEL32.GetFileAttributesW() retval=ffffffff ret=1400019f7
0464:Call KERNEL32.FindFirstFileW(002178b0 L"C:\\windows\\system32\\ConfigMaker.exe.*",00217ac0) ret=140001a55
0464:Call ntdll.RtlDosPathNameToNtPathName_U(002178b0 L"C:\\windows\\system32\\ConfigMaker.exe.*",002172d0,002172c8,00000000) ret=6fffffc3adae
0464:Ret  ntdll.RtlDosPathNameToNtPathName_U() retval=00000001 ret=6fffffc3adae
0464:Call ntdll.wcspbrk(0028e470 L"ConfigMaker.exe.*",6fffffcabab0 L"*?") ret=6fffffc3adf5
0464:Ret  ntdll.wcspbrk() retval=0028e490 ret=6fffffc3adf5
0464:Call ntdll.RtlAllocateHeap(00240000,00000000,00002094) ret=6fffffc3ae71
0464:Ret  ntdll.RtlAllocateHeap() retval=00290470 ret=6fffffc3ae71
0464:Call ntdll.NtOpenFile(00290478,00100001,00217300,002172e0,00000003,6fff00004021) ret=6fffffc3af0f
0464:Ret  ntdll.NtOpenFile() retval=00000000 ret=6fffffc3af0f
0464:Call ntdll.RtlInitializeCriticalSection(00290480) ret=6fffffc3b00a
0464:Ret  ntdll.RtlInitializeCriticalSection() retval=00000000 ret=6fffffc3b00a
0464:Call ntdll.memcpy(002924e0,002178d8,00000024) ret=6fffffc3b2a9
0464:Ret  ntdll.memcpy() retval=002924e0 ret=6fffffc3b2a9
0464:Call ntdll.RtlInitUnicodeString(002172f0,00000000) ret=6fffffc3b1a9
0464:Ret  ntdll.RtlInitUnicodeString() retval=00000000 ret=6fffffc3b1a9
0464:Call ntdll.NtQueryDirectoryFile(00000058,00000000,00000000,00000000,002172e0,002904e0,00002000,6fff00000003,6fff00000000,00000000,00000001) ret=6fffffc3b2fb
046c:Call ntdll.RtlQueryActivationContextApplicationSettings(00000000,00000000,6fffff66b128 L"http://schemas.microsoft.com/SMI/2016/WindowsSettings",6fffff66b0fe L"dpiAwareness",0021f370,00000100,00000000) ret=6fffffc483a4
046c:Ret  ntdll.RtlQueryActivationContextApplicationSettings() retval=c0150008 ret=6fffffc483a4
046c:Call ntdll.RtlNtStatusToDosError(c0150008) ret=6fffffc483c8
046c:Ret  ntdll.RtlNtStatusToDosError() retval=000036b7 ret=6fffffc483c8
046c:Call ntdll.RtlQueryActivationContextApplicationSettings(00000000,00000000,6fffff66b1c8 L"http://schemas.microsoft.com/SMI/2005/WindowsSettings",6fffff66b1b4 L"dpiAware",0021f370,00000100,00000000) ret=6fffffc483a4
046c:Ret  ntdll.RtlQueryActivationContextApplicationSettings() retval=c0150008 ret=6fffffc483a4
046c:Call ntdll.RtlNtStatusToDosError(c0150008) ret=6fffffc483c8
046c:Ret  ntdll.RtlNtStatusToDosError() retval=000036b7 ret=6fffffc483c8
046c:Call ntdll.RtlInitUnicodeString(0021f590,6fffff66b278 L"imm32.dll") ret=6fffffc45c6f
046c:Ret  ntdll.RtlInitUnicodeString() retval=00140012 ret=6fffffc45c6f
046c:Call ntdll.LdrGetDllPath(6fffff66b278 L"imm32.dll",00000000,0021f530,0021f538) ret=6fffffc45044
046c:Ret  ntdll.LdrGetDllPath() retval=00000000 ret=6fffffc45044
046c:Call ntdll.LdrLoadDll(00280a80 L"C:\\windows\\system32;C:\\windows\\system32;C:\\windows\\system;C:\\windows;.;C:\\windows\\system32;C:\\windows;C:\\windows\\system32\\wbem;C:\\windows\\system32\\WindowsPowershell\\v1.0",00000000,0021f590,0021f528) ret=6fffffc45062
046c:trace:loaddll:build_module Loaded L"C:\\windows\\system32\\imm32.dll" at 00006FFFFE5B0000: builtin
046c:Call PE DLL (proc=00006FFFFE5BD650,module=00006FFFFE5B0000 L"imm32.dll",reason=PROCESS_ATTACH,res=0000000000000000)
046c:Call KERNEL32.GetModuleHandleW(6ffffe5c4192 L"ntdll.dll") ret=6ffffe5bdc7d
046c:Call ntdll.RtlInitUnicodeString(0021ef10,6ffffe5c4192 L"ntdll.dll") ret=6fffffc4587c
046c:Ret  ntdll.RtlInitUnicodeString() retval=00140012 ret=6fffffc4587c
046c:Call ntdll.LdrGetDllHandleEx(00000001,00000000,00000000,0021ef10,0021ef08) ret=6fffffc45899
046c:Ret  ntdll.LdrGetDllHandleEx() retval=00000000 ret=6fffffc45899
046c:Ret  KERNEL32.GetModuleHandleW() retval=6ffffff40000 ret=6ffffe5bdc7d
046c:Call kernelbase.GetProcAddress(6ffffff40000,6ffffe5c4201 "__wine_dbg_header") ret=6ffffe5bdc89
046c:Call ntdll.RtlInitAnsiString(0021ee90,6ffffe5c4201 "__wine_dbg_header") ret=6fffffc4516c
046c:Ret  ntdll.RtlInitAnsiString() retval=00120011 ret=6fffffc4516c
046c:Call ntdll.LdrGetProcedureAddress(6ffffff40000,0021ee90,00000000,0021ee88) ret=6fffffc45180
046c:Ret  ntdll.LdrGetProcedureAddress() retval=00000000 ret=6fffffc45180
046c:Ret  kernelbase.GetProcAddress() retval=6ffffff9e720 ret=6ffffe5bdc89
046c:Call user32.User32InitializeImmEntryTable(19650412) ret=6ffffe5b6aec
046c:Call ntdll.RtlInitUnicodeString(0021efa0,6fffff669a02 L"imm32.dll") ret=6fffffc4587c
046c:Ret  ntdll.RtlInitUnicodeString() retval=00140012 ret=6fffffc4587c
046c:Call ntdll.LdrGetDllHandleEx(00000001,00000000,00000000,0021efa0,0021ef98) ret=6fffffc45899
046c:Ret  ntdll.LdrGetDllHandleEx() retval=00000000 ret=6fffffc45899
046c:Call ntdll.RtlInitUnicodeString(0021eec0,6fffff672b52 L"ntdll.dll") ret=6fffffc4587c
046c:Ret  ntdll.RtlInitUnicodeString() retval=00140012 ret=6fffffc4587c
046c:Call ntdll.LdrGetDllHandleEx(00000001,00000000,00000000,0021eec0,0021eeb8) ret=6fffffc45899
046c:Ret  ntdll.LdrGetDllHandleEx() retval=00000000 ret=6fffffc45899
046c:Call ntdll.RtlInitAnsiString(0021ee40,6fffff672bc1 "__wine_dbg_header") ret=6fffffc4516c
046c:Ret  ntdll.RtlInitAnsiString() retval=00120011 ret=6fffffc4516c
046c:Call ntdll.LdrGetProcedureAddress(6ffffff40000,0021ee40,00000000,0021ee38) ret=6fffffc45180
046c:Ret  ntdll.LdrGetProcedureAddress() retval=00000000 ret=6fffffc45180
046c:Call ntdll.RtlInitAnsiString(0021ef20,6fffff669a1d "__wine_ime_wnd_proc") ret=6fffffc4516c
046c:Ret  ntdll.RtlInitAnsiString() retval=00140013 ret=6fffffc4516c
046c:Call ntdll.LdrGetProcedureAddress(6ffffe5b0000,0021ef20,00000000,0021ef18) ret=6fffffc45180
046c:Ret  ntdll.LdrGetProcedureAddress() retval=00000000 ret=6fffffc45180
046c:Ret  user32.User32InitializeImmEntryTable() retval=00000001 ret=6ffffe5b6aec
046c:Ret  PE DLL (proc=00006FFFFE5BD650,module=00006FFFFE5B0000 L"imm32.dll",reason=PROCESS_ATTACH,res=0000000000000000) retval=1
046c:Ret  ntdll.LdrLoadDll() retval=00000000 ret=6fffffc45062
046c:Call ntdll.RtlReleasePath(00280a80) ret=6fffffc45073
046c:Ret  ntdll.RtlReleasePath() retval=00000001 ret=6fffffc45073
046c:Ret  PE DLL (proc=00006FFFFF65D260,module=00006FFFFF5D0000 L"user32.dll",reason=PROCESS_ATTACH,res=000000000021FB00) retval=1
046c:Call PE DLL (proc=00006FFFFF7DD880,module=00006FFFFF790000 L"gdi32.dll",reason=PROCESS_ATTACH,res=000000000021FB00)
046c:Call ntdll.LdrDisableThreadCalloutsForDll(6fffff790000) ret=6fffffc45393
046c:Ret  ntdll.LdrDisableThreadCalloutsForDll() retval=00000000 ret=6fffffc45393
046c:Ret  PE DLL (proc=00006FFFFF7DD880,module=00006FFFFF790000 L"gdi32.dll",reason=PROCESS_ATTACH,res=000000000021FB00) retval=1
046c:Starting thread proc 00000001400122D0 (arg=000000007FFD0000)
046c:Call KERNEL32.BaseThreadInitThunk(00000000,1400122d0,7ffd0000) ret=6ffffff9691b
046c:Call kernelbase.GetModuleFileNameW(00000000,6ffffead5eb0,00000104) ret=6ffffe9f1d86
046c:Call ntdll.LdrGetDllFullName(00000000,0021fdc0) ret=6fffffc455fe
046c:Ret  ntdll.LdrGetDllFullName() retval=00000000 ret=6fffffc455fe
046c:Call ntdll.RtlNtStatusToDosError(00000000) ret=6fffffc45613
046c:Ret  ntdll.RtlNtStatusToDosError() retval=00000000 ret=6fffffc45613
046c:Ret  kernelbase.GetModuleFileNameW() retval=0000001f ret=6ffffe9f1d86
046c:Call ntdll.RtlAllocateHeap(00240000,00000008,000000dc) ret=6ffffe9fe1ad
046c:Ret  ntdll.RtlAllocateHeap() retval=002816f0 ret=6ffffe9fe1ad
046c:Call kernelbase.GetLastError() ret=6ffffe9fcac5
046c:Ret  kernelbase.GetLastError() retval=00000000 ret=6ffffe9fcac5
046c:Call kernelbase.FlsGetValue(00000002) ret=6ffffe9fcb05
046c:Call ntdll.RtlFlsGetValue(00000002,0021fde8) ret=6fffffc9b107
046c:Ret  ntdll.RtlFlsGetValue() retval=00000000 ret=6fffffc9b107
046c:Ret  kernelbase.FlsGetValue() retval=00000000 ret=6ffffe9fcb05
046c:Call ntdll.RtlSetLastWin32Error(00000000) ret=6ffffe9fcb10
046c:Ret  ntdll.RtlSetLastWin32Error() retval=7ffc0000 ret=6ffffe9fcb10
046c:Call kernelbase.GetEnvironmentStringsW() ret=6ffffe9f2bda
046c:Call ntdll.RtlAcquirePebLock() ret=6fffffc77855
046c:Ret  ntdll.RtlAcquirePebLock() retval=00000000 ret=6fffffc77855
046c:Call ntdll.RtlAllocateHeap(00240000,00000000,000016a8) ret=6fffffc778cb
046c:Ret  ntdll.RtlAllocateHeap() retval=00283b10 ret=6fffffc778cb
046c:Call ntdll.memcpy(00283b10,002408f0,000016a8) ret=6fffffc778ed
046c:Ret  ntdll.memcpy() retval=00283b10 ret=6fffffc778ed
046c:Call ntdll.RtlReleasePebLock() ret=6fffffc778f3
046c:Ret  ntdll.RtlReleasePebLock() retval=00000000 ret=6fffffc778f3
046c:Ret  kernelbase.GetEnvironmentStringsW() retval=00283b10 ret=6ffffe9f2bda
046c:Call ntdll.RtlAllocateHeap(00240000,00000000,000016a8) ret=6ffffe9f9151
046c:Ret  ntdll.RtlAllocateHeap() retval=002851c0 ret=6ffffe9f9151
046c:Call kernelbase.FreeEnvironmentStringsW(00283b10) ret=6ffffe9f2c27
046c:Call ntdll.RtlFreeHeap(00240000,00000000,00283b10) ret=6fffffc79a58
046c:Ret  ntdll.RtlFreeHeap() retval=00000001 ret=6fffffc79a58
046c:Ret  kernelbase.FreeEnvironmentStringsW() retval=00000001 ret=6ffffe9f2c27
0464:Ret  ntdll.NtQueryDirectoryFile() retval=00000000 ret=6fffffc3b2fb
046c:Call ntdll.RtlAllocateHeap(00240000,00000008,00000230) ret=6ffffe9fe1ad
0464:Call ntdll.towupper(00000043) ret=6fffffc382cb
046c:Ret  ntdll.RtlAllocateHeap() retval=00283b10 ret=6ffffe9fe1ad
0464:Ret  ntdll.towupper() retval=00000043 ret=6fffffc382cb
046c:Call ntdll.RtlAllocateHeap(00240000,00000008,00000030) ret=6ffffe9fe1ad
0464:Call ntdll.towupper(0000002e) ret=6fffffc382d4
046c:Ret  ntdll.RtlAllocateHeap() retval=0027ee00 ret=6ffffe9fe1ad
0464:Ret  ntdll.towupper() retval=0000002e ret=6fffffc382d4
046c:Call ntdll.RtlAllocateHeap(00240000,00000008,0000003e) ret=6ffffe9fe1ad
0464:Call ntdll.towupper(00000043) ret=6fffffc382cb
046c:Ret  ntdll.RtlAllocateHeap() retval=00280d90 ret=6ffffe9fe1ad
0464:Ret  ntdll.towupper() retval=00000043 ret=6fffffc382cb
046c:Call ntdll.RtlAllocateHeap(00240000,00000008,00000028) ret=6ffffe9fe1ad
0464:Call ntdll.towupper(0000002e) ret=6fffffc382d4
046c:Ret  ntdll.RtlAllocateHeap() retval=00280750 ret=6ffffe9fe1ad
0464:Ret  ntdll.towupper() retval=0000002e ret=6fffffc382d4
046c:Call ntdll.RtlAllocateHeap(00240000,00000008,00000028) ret=6ffffe9fe1ad
0464:Call ntdll.towupper(00000043) ret=6fffffc382cb
046c:Ret  ntdll.RtlAllocateHeap() retval=00280780 ret=6ffffe9fe1ad
0464:Ret  ntdll.towupper() retval=00000043 ret=6fffffc382cb
046c:Call ntdll.RtlAllocateHeap(00240000,00000008,00000020) ret=6ffffe9fe1ad
0464:Call ntdll.towupper(00000061) ret=6fffffc382d4
046c:Ret  ntdll.RtlAllocateHeap() retval=002807b0 ret=6ffffe9fe1ad
0464:Ret  ntdll.towupper() retval=00000041 ret=6fffffc382d4
046c:Call ntdll.RtlAllocateHeap(00240000,00000008,00000072) ret=6ffffe9fe1ad
0464:Call ntdll.towupper(00000043) ret=6fffffc382cb
046c:Ret  ntdll.RtlAllocateHeap() retval=00280a80 ret=6ffffe9fe1ad
0464:Ret  ntdll.towupper() retval=00000043 ret=6fffffc382cb
046c:Call ntdll.RtlAllocateHeap(00240000,00000008,00000038) ret=6ffffe9fe1ad
0464:Call ntdll.towupper(00000061) ret=6fffffc382d4
046c:Ret  ntdll.RtlAllocateHeap() retval=0027ee40 ret=6ffffe9fe1ad
0464:Ret  ntdll.towupper() retval=00000041 ret=6fffffc382d4
046c:Call ntdll.RtlAllocateHeap(00240000,00000008,0000004e) ret=6ffffe9fe1ad
0464:Call ntdll.towupper(00000043) ret=6fffffc382cb
046c:Ret  ntdll.RtlAllocateHeap() retval=00281870 ret=6ffffe9fe1ad
0464:Ret  ntdll.towupper() retval=00000043 ret=6fffffc382cb
046c:Call ntdll.RtlAllocateHeap(00240000,00000008,00000022) ret=6ffffe9fe1ad
0464:Call ntdll.towupper(00000061) ret=6fffffc382d4
046c:Ret  ntdll.RtlAllocateHeap() retval=002807e0 ret=6ffffe9fe1ad
0464:Ret  ntdll.towupper() retval=00000041 ret=6fffffc382d4
046c:Call ntdll.RtlAllocateHeap(00240000,00000008,00000014) ret=6ffffe9fe1ad
0464:Call ntdll.towupper(00000043) ret=6fffffc382cb
046c:Ret  ntdll.RtlAllocateHeap() retval=00280810 ret=6ffffe9fe1ad
046c:Call ntdll.RtlAllocateHeap(00240000,00000008,0000002c) ret=6ffffe9fe1ad
046c:Ret  ntdll.RtlAllocateHeap() retval=0027ee80 ret=6ffffe9fe1ad
046c:Call ntdll.RtlAllocateHeap(00240000,00000008,00000084) ret=6ffffe9fe1ad
046c:Ret  ntdll.RtlAllocateHeap() retval=00280b00 ret=6ffffe9fe1ad
0464:Ret  ntdll.towupper() retval=00000043 ret=6fffffc382cb
046c:Call ntdll.RtlAllocateHeap(00240000,00000008,0000004e) ret=6ffffe9fe1ad
0464:Call ntdll.towupper(00000061) ret=6fffffc382d4
046c:Ret  ntdll.RtlAllocateHeap() retval=00281930 ret=6ffffe9fe1ad
0464:Ret  ntdll.towupper() retval=00000041 ret=6fffffc382d4
046c:Call ntdll.RtlAllocateHeap(00240000,00000008,00000054) ret=6ffffe9fe1ad
0464:Call ntdll.towupper(00000043) ret=6fffffc382cb
046c:Ret  ntdll.RtlAllocateHeap() retval=00281990 ret=6ffffe9fe1ad
0464:Ret  ntdll.towupper() retval=00000043 ret=6fffffc382cb
046c:Call ntdll.RtlAllocateHeap(00240000,00000008,00000022) ret=6ffffe9fe1ad
0464:Call ntdll.towupper(00000061) ret=6fffffc382d4
046c:Ret  ntdll.RtlAllocateHeap() retval=00280840 ret=6ffffe9fe1ad
0464:Ret  ntdll.towupper() retval=00000041 ret=6fffffc382d4
046c:Call ntdll.RtlAllocateHeap(00240000,00000008,000000a0) ret=6ffffe9fe1ad
0464:Call ntdll.towupper(00000043) ret=6fffffc382cb
046c:Ret  ntdll.RtlAllocateHeap() retval=00283d50 ret=6ffffe9fe1ad
0464:Ret  ntdll.towupper() retval=00000043 ret=6fffffc382cb
046c:Call ntdll.RtlAllocateHeap(00240000,00000008,0000003e) ret=6ffffe9fe1ad
0464:Call ntdll.towupper(00000061) ret=6fffffc382d4
046c:Ret  ntdll.RtlAllocateHeap() retval=00280de0 ret=6ffffe9fe1ad
0464:Ret  ntdll.towupper() retval=00000041 ret=6fffffc382d4
046c:Call ntdll.RtlAllocateHeap(00240000,00000008,0000001c) ret=6ffffe9fe1ad
0464:Call ntdll.towupper(00000043) ret=6fffffc382cb
046c:Ret  ntdll.RtlAllocateHeap() retval=00280870 ret=6ffffe9fe1ad
0464:Ret  ntdll.towupper() retval=00000043 ret=6fffffc382cb
046c:Call ntdll.RtlAllocateHeap(00240000,00000008,00000026) ret=6ffffe9fe1ad
0464:Call ntdll.towupper(00000061) ret=6fffffc382d4
046c:Ret  ntdll.RtlAllocateHeap() retval=002808a0 ret=6ffffe9fe1ad
0464:Ret  ntdll.towupper() retval=00000041 ret=6fffffc382d4
046c:Call ntdll.RtlAllocateHeap(00240000,00000008,00000010) ret=6ffffe9fe1ad
0464:Call ntdll.towupper(00000043) ret=6fffffc382cb
046c:Ret  ntdll.RtlAllocateHeap() retval=002808d0 ret=6ffffe9fe1ad
0464:Ret  ntdll.towupper() retval=00000043 ret=6fffffc382cb
046c:Call ntdll.RtlAllocateHeap(00240000,00000008,000001b6) ret=6ffffe9fe1ad
0464:Call ntdll.towupper(00000061) ret=6fffffc382d4
046c:Ret  ntdll.RtlAllocateHeap() retval=00283e00 ret=6ffffe9fe1ad
0464:Ret  ntdll.towupper() retval=00000041 ret=6fffffc382d4
046c:Call ntdll.RtlAllocateHeap(00240000,00000008,0000001a) ret=6ffffe9fe1ad
0464:Call ntdll.towupper(00000043) ret=6fffffc382cb
046c:Ret  ntdll.RtlAllocateHeap() retval=00280900 ret=6ffffe9fe1ad
0464:Ret  ntdll.towupper() retval=00000043 ret=6fffffc382cb
046c:Call ntdll.RtlAllocateHeap(00240000,00000008,000000c4) ret=6ffffe9fe1ad
0464:Call ntdll.towupper(00000061) ret=6fffffc382d4
046c:Ret  ntdll.RtlAllocateHeap() retval=00283fc0 ret=6ffffe9fe1ad
0464:Ret  ntdll.towupper() retval=00000041 ret=6fffffc382d4
046c:Call ntdll.RtlAllocateHeap(00240000,00000008,000001e2) ret=6ffffe9fe1ad
0464:Call ntdll.towupper(00000043) ret=6fffffc382cb
046c:Ret  ntdll.RtlAllocateHeap() retval=00284090 ret=6ffffe9fe1ad
0464:Ret  ntdll.towupper() retval=00000043 ret=6fffffc382cb
046c:Call ntdll.RtlAllocateHeap(00240000,00000008,00000194) ret=6ffffe9fe1ad
0464:Call ntdll.towupper(00000061) ret=6fffffc382d4
046c:Ret  ntdll.RtlAllocateHeap() retval=00284280 ret=6ffffe9fe1ad
0464:Ret  ntdll.towupper() retval=00000041 ret=6fffffc382d4
046c:Call ntdll.RtlAllocateHeap(00240000,00000008,00000028) ret=6ffffe9fe1ad
0464:Call ntdll.towupper(00000043) ret=6fffffc382cb
046c:Ret  ntdll.RtlAllocateHeap() retval=00280930 ret=6ffffe9fe1ad
0464:Ret  ntdll.towupper() retval=00000043 ret=6fffffc382cb
046c:Call ntdll.RtlAllocateHeap(00240000,00000008,0000002c) ret=6ffffe9fe1ad
0464:Call ntdll.towupper(00000061) ret=6fffffc382d4
046c:Ret  ntdll.RtlAllocateHeap() retval=0027eec0 ret=6ffffe9fe1ad
0464:Ret  ntdll.towupper() retval=00000041 ret=6fffffc382d4
046c:Call ntdll.RtlAllocateHeap(00240000,00000008,00000048) ret=6ffffe9fe1ad
0464:Call ntdll.towupper(00000043) ret=6fffffc382cb
046c:Ret  ntdll.RtlAllocateHeap() retval=00280e30 ret=6ffffe9fe1ad
0464:Ret  ntdll.towupper() retval=00000043 ret=6fffffc382cb
046c:Call ntdll.RtlAllocateHeap(00240000,00000008,00000030) ret=6ffffe9fe1ad
0464:Call ntdll.towupper(00000061) ret=6fffffc382d4
046c:Ret  ntdll.RtlAllocateHeap() retval=0027ef00 ret=6ffffe9fe1ad
0464:Ret  ntdll.towupper() retval=00000041 ret=6fffffc382d4
046c:Call ntdll.RtlAllocateHeap(00240000,00000008,0000001c) ret=6ffffe9fe1ad
0464:Call ntdll.towupper(00000043) ret=6fffffc382cb
046c:Ret  ntdll.RtlAllocateHeap() retval=00284440 ret=6ffffe9fe1ad
0464:Ret  ntdll.towupper() retval=00000043 ret=6fffffc382cb
046c:Call ntdll.RtlAllocateHeap(00240000,00000008,000000d0) ret=6ffffe9fe1ad
0464:Call ntdll.towupper(00000041) ret=6fffffc382d4
046c:Ret  ntdll.RtlAllocateHeap() retval=00284a10 ret=6ffffe9fe1ad
0464:Ret  ntdll.towupper() retval=00000041 ret=6fffffc382d4
046c:Call ntdll.RtlAllocateHeap(00240000,00000008,00000072) ret=6ffffe9fe1ad
0464:Call ntdll.towupper(00000043) ret=6fffffc382cb
046c:Ret  ntdll.RtlAllocateHeap() retval=00284af0 ret=6ffffe9fe1ad
0464:Ret  ntdll.towupper() retval=00000043 ret=6fffffc382cb
046c:Call ntdll.RtlAllocateHeap(00240000,00000008,0000003a) ret=6ffffe9fe1ad
0464:Call ntdll.towupper(00000061) ret=6fffffc382d4
046c:Ret  ntdll.RtlAllocateHeap() retval=00280e80 ret=6ffffe9fe1ad
0464:Ret  ntdll.towupper() retval=00000041 ret=6fffffc382d4
046c:Call ntdll.RtlAllocateHeap(00240000,00000008,00000094) ret=6ffffe9fe1ad
0464:Call ntdll.towupper(00000043) ret=6fffffc382cb
046c:Ret  ntdll.RtlAllocateHeap() retval=00284b70 ret=6ffffe9fe1ad
0464:Ret  ntdll.towupper() retval=00000043 ret=6fffffc382cb
046c:Call ntdll.RtlAllocateHeap(00240000,00000008,00000024) ret=6ffffe9fe1ad
0464:Call ntdll.towupper(00000041) ret=6fffffc382d4
046c:Ret  ntdll.RtlAllocateHeap() retval=00284470 ret=6ffffe9fe1ad
0464:Ret  ntdll.towupper() retval=00000041 ret=6fffffc382d4
046c:Call ntdll.RtlAllocateHeap(00240000,00000008,00000030) ret=6ffffe9fe1ad
0464:Call ntdll.towupper(00000043) ret=6fffffc382cb
046c:Ret  ntdll.RtlAllocateHeap() retval=0027ef40 ret=6ffffe9fe1ad
0464:Ret  ntdll.towupper() retval=00000043 ret=6fffffc382cb
046c:Call ntdll.RtlAllocateHeap(00240000,00000008,00000024) ret=6ffffe9fe1ad
0464:Call ntdll.towupper(00000061) ret=6fffffc382d4
046c:Ret  ntdll.RtlAllocateHeap() retval=002844a0 ret=6ffffe9fe1ad
0464:Ret  ntdll.towupper() retval=00000041 ret=6fffffc382d4
046c:Call ntdll.RtlAllocateHeap(00240000,00000008,0000003c) ret=6ffffe9fe1ad
0464:Call ntdll.towupper(00000043) ret=6fffffc382cb
046c:Ret  ntdll.RtlAllocateHeap() retval=00280ed0 ret=6ffffe9fe1ad
0464:Ret  ntdll.towupper() retval=00000043 ret=6fffffc382cb
046c:Call ntdll.RtlAllocateHeap(00240000,00000008,00000030) ret=6ffffe9fe1ad
0464:Call ntdll.towupper(00000041) ret=6fffffc382d4
046c:Ret  ntdll.RtlAllocateHeap() retval=0027ef80 ret=6ffffe9fe1ad
0464:Ret  ntdll.towupper() retval=00000041 ret=6fffffc382d4
046c:Call ntdll.RtlAllocateHeap(00240000,00000008,0000002e) ret=6ffffe9fe1ad
0464:Call ntdll.towupper(00000043) ret=6fffffc382cb
046c:Ret  ntdll.RtlAllocateHeap() retval=0027efc0 ret=6ffffe9fe1ad
0464:Ret  ntdll.towupper() retval=00000043 ret=6fffffc382cb
046c:Call ntdll.RtlAllocateHeap(00240000,00000008,0000004c) ret=6ffffe9fe1ad
0464:Call ntdll.towupper(00000061) ret=6fffffc382d4
046c:Ret  ntdll.RtlAllocateHeap() retval=002819f0 ret=6ffffe9fe1ad
0464:Ret  ntdll.towupper() retval=00000041 ret=6fffffc382d4
046c:Call ntdll.RtlAllocateHeap(00240000,00000008,00000026) ret=6ffffe9fe1ad
0464:Call ntdll.towupper(00000043) ret=6fffffc382cb
046c:Ret  ntdll.RtlAllocateHeap() retval=002844d0 ret=6ffffe9fe1ad
0464:Ret  ntdll.towupper() retval=00000043 ret=6fffffc382cb
046c:Call ntdll.RtlAllocateHeap(00240000,00000008,0000001a) ret=6ffffe9fe1ad
0464:Call ntdll.towupper(00000041) ret=6fffffc382d4
046c:Ret  ntdll.RtlAllocateHeap() retval=00284500 ret=6ffffe9fe1ad
0464:Ret  ntdll.towupper() retval=00000041 ret=6fffffc382d4
046c:Call ntdll.RtlAllocateHeap(00240000,00000008,0000002a) ret=6ffffe9fe1ad
0464:Call ntdll.towupper(00000043) ret=6fffffc382cb
046c:Ret  ntdll.RtlAllocateHeap() retval=0027f000 ret=6ffffe9fe1ad
0464:Ret  ntdll.towupper() retval=00000043 ret=6fffffc382cb
046c:Call ntdll.RtlAllocateHeap(00240000,00000008,00000052) ret=6ffffe9fe1ad
0464:Call ntdll.towupper(00000061) ret=6fffffc382d4
046c:Ret  ntdll.RtlAllocateHeap() retval=00281a50 ret=6ffffe9fe1ad
0464:Ret  ntdll.towupper() retval=00000041 ret=6fffffc382d4
046c:Call ntdll.RtlAllocateHeap(00240000,00000008,00000038) ret=6ffffe9fe1ad
0464:Call ntdll.towupper(00000043) ret=6fffffc382cb
046c:Ret  ntdll.RtlAllocateHeap() retval=0027f040 ret=6ffffe9fe1ad
0464:Ret  ntdll.towupper() retval=00000043 ret=6fffffc382cb
046c:Call ntdll.RtlAllocateHeap(00240000,00000008,00000028) ret=6ffffe9fe1ad
0464:Call ntdll.towupper(00000041) ret=6fffffc382d4
046c:Ret  ntdll.RtlAllocateHeap() retval=00284530 ret=6ffffe9fe1ad
0464:Ret  ntdll.towupper() retval=00000041 ret=6fffffc382d4
0464:Call ntdll.towupper(00000043) ret=6fffffc382cb
0464:Ret  ntdll.towupper() retval=00000043 ret=6fffffc382cb
0464:Call ntdll.towupper(00000061) ret=6fffffc382d4
0464:Ret  ntdll.towupper() retval=00000041 ret=6fffffc382d4
046c:Call ntdll.RtlAllocateHeap(00240000,00000008,00000032) ret=6ffffe9fe1ad
0464:Call ntdll.towupper(00000043) ret=6fffffc382cb
046c:Ret  ntdll.RtlAllocateHeap() retval=0027f080 ret=6ffffe9fe1ad
0464:Ret  ntdll.towupper() retval=00000043 ret=6fffffc382cb
046c:Call ntdll.RtlAllocateHeap(00240000,00000008,0000001c) ret=6ffffe9fe1ad
0464:Call ntdll.towupper(00000041) ret=6fffffc382d4
046c:Ret  ntdll.RtlAllocateHeap() retval=00284560 ret=6ffffe9fe1ad
0464:Ret  ntdll.towupper() retval=00000041 ret=6fffffc382d4
046c:Call ntdll.RtlAllocateHeap(00240000,00000008,00000034) ret=6ffffe9fe1ad
0464:Call ntdll.towupper(00000043) ret=6fffffc382cb
046c:Ret  ntdll.RtlAllocateHeap() retval=0027f0c0 ret=6ffffe9fe1ad
0464:Ret  ntdll.towupper() retval=00000043 ret=6fffffc382cb
046c:Call ntdll.RtlAllocateHeap(00240000,00000008,0000003e) ret=6ffffe9fe1ad
0464:Call ntdll.towupper(00000061) ret=6fffffc382d4
046c:Ret  ntdll.RtlAllocateHeap() retval=00280f20 ret=6ffffe9fe1ad
0464:Ret  ntdll.towupper() retval=00000041 ret=6fffffc382d4
046c:Call ntdll.RtlAllocateHeap(00240000,00000008,00000036) ret=6ffffe9fe1ad
0464:Call ntdll.towupper(00000043) ret=6fffffc382cb
046c:Ret  ntdll.RtlAllocateHeap() retval=0027f100 ret=6ffffe9fe1ad
0464:Ret  ntdll.towupper() retval=00000043 ret=6fffffc382cb
046c:Call ntdll.RtlAllocateHeap(00240000,00000008,0000002e) ret=6ffffe9fe1ad
0464:Call ntdll.towupper(00000041) ret=6fffffc382d4
046c:Ret  ntdll.RtlAllocateHeap() retval=0027f140 ret=6ffffe9fe1ad
0464:Ret  ntdll.towupper() retval=00000041 ret=6fffffc382d4
046c:Call ntdll.RtlAllocateHeap(00240000,00000008,00000052) ret=6ffffe9fe1ad
0464:Call ntdll.towupper(00000043) ret=6fffffc382cb
046c:Ret  ntdll.RtlAllocateHeap() retval=00281ab0 ret=6ffffe9fe1ad
0464:Ret  ntdll.towupper() retval=00000043 ret=6fffffc382cb
046c:Call ntdll.RtlAllocateHeap(00240000,00000008,0000003c) ret=6ffffe9fe1ad
0464:Call ntdll.towupper(00000061) ret=6fffffc382d4
046c:Ret  ntdll.RtlAllocateHeap() retval=00280f70 ret=6ffffe9fe1ad
0464:Ret  ntdll.towupper() retval=00000041 ret=6fffffc382d4
046c:Call ntdll.RtlAllocateHeap(00240000,00000008,00000078) ret=6ffffe9fe1ad
0464:Call ntdll.towupper(00000043) ret=6fffffc382cb
046c:Ret  ntdll.RtlAllocateHeap() retval=00284c10 ret=6ffffe9fe1ad
0464:Ret  ntdll.towupper() retval=00000043 ret=6fffffc382cb
046c:Call ntdll.RtlAllocateHeap(00240000,00000008,00000062) ret=6ffffe9fe1ad
0464:Call ntdll.towupper(00000041) ret=6fffffc382d4
046c:Ret  ntdll.RtlAllocateHeap() retval=00284c90 ret=6ffffe9fe1ad
0464:Ret  ntdll.towupper() retval=00000041 ret=6fffffc382d4
046c:Call ntdll.RtlAllocateHeap(00240000,00000008,00000036) ret=6ffffe9fe1ad
0464:Call ntdll.towupper(00000043) ret=6fffffc382cb
0464:Ret  ntdll.towupper() retval=00000043 ret=6fffffc382cb
0464:Call ntdll.towupper(00000061) ret=6fffffc382d4
0464:Ret  ntdll.towupper() retval=00000041 ret=6fffffc382d4
0464:Call ntdll.towupper(00000043) ret=6fffffc382cb
0464:Ret  ntdll.towupper() retval=00000043 ret=6fffffc382cb
0464:Call ntdll.towupper(00000041) ret=6fffffc382d4
0464:Ret  ntdll.towupper() retval=00000041 ret=6fffffc382d4
0464:Call ntdll.towupper(00000043) ret=6fffffc382cb
0464:Ret  ntdll.towupper() retval=00000043 ret=6fffffc382cb
0464:Call ntdll.towupper(00000061) ret=6fffffc382d4
0464:Ret  ntdll.towupper() retval=00000041 ret=6fffffc382d4
0464:Call ntdll.towupper(00000043) ret=6fffffc382cb
0464:Ret  ntdll.towupper() retval=00000043 ret=6fffffc382cb
0464:Call ntdll.towupper(00000041) ret=6fffffc382d4
0464:Ret  ntdll.towupper() retval=00000041 ret=6fffffc382d4
0464:Call ntdll.towupper(00000043) ret=6fffffc382cb
0464:Ret  ntdll.towupper() retval=00000043 ret=6fffffc382cb
0464:Call ntdll.towupper(00000061) ret=6fffffc382d4
0464:Ret  ntdll.towupper() retval=00000041 ret=6fffffc382d4
0464:Call ntdll.towupper(00000043) ret=6fffffc382cb
0464:Ret  ntdll.towupper() retval=00000043 ret=6fffffc382cb
0464:Call ntdll.towupper(00000041) ret=6fffffc382d4
0464:Ret  ntdll.towupper() retval=00000041 ret=6fffffc382d4
0464:Call ntdll.towupper(00000043) ret=6fffffc382cb
0464:Ret  ntdll.towupper() retval=00000043 ret=6fffffc382cb
0464:Call ntdll.towupper(00000061) ret=6fffffc382d4
0464:Ret  ntdll.towupper() retval=00000041 ret=6fffffc382d4
0464:Call ntdll.towupper(00000043) ret=6fffffc382cb
0464:Ret  ntdll.towupper() retval=00000043 ret=6fffffc382cb
0464:Call ntdll.towupper(00000041) ret=6fffffc382d4
0464:Ret  ntdll.towupper() retval=00000041 ret=6fffffc382d4
0464:Call ntdll.towupper(00000043) ret=6fffffc382cb
0464:Ret  ntdll.towupper() retval=00000043 ret=6fffffc382cb
0464:Call ntdll.towupper(00000061) ret=6fffffc382d4
0464:Ret  ntdll.towupper() retval=00000041 ret=6fffffc382d4
0464:Call ntdll.towupper(00000043) ret=6fffffc382cb
0464:Ret  ntdll.towupper() retval=00000043 ret=6fffffc382cb
0464:Call ntdll.towupper(00000041) ret=6fffffc382d4
0464:Ret  ntdll.towupper() retval=00000041 ret=6fffffc382d4
0464:Call ntdll.towupper(00000043) ret=6fffffc382cb
0464:Ret  ntdll.towupper() retval=00000043 ret=6fffffc382cb
0464:Call ntdll.towupper(00000061) ret=6fffffc382d4
0464:Ret  ntdll.towupper() retval=00000041 ret=6fffffc382d4
0464:Call ntdll.towupper(00000043) ret=6fffffc382cb
0464:Ret  ntdll.towupper() retval=00000043 ret=6fffffc382cb
0464:Call ntdll.towupper(00000041) ret=6fffffc382d4
0464:Ret  ntdll.towupper() retval=00000041 ret=6fffffc382d4
0464:Call ntdll.towupper(00000043) ret=6fffffc382cb
0464:Ret  ntdll.towupper() retval=00000043 ret=6fffffc382cb
0464:Call ntdll.towupper(00000061) ret=6fffffc382d4
0464:Ret  ntdll.towupper() retval=00000041 ret=6fffffc382d4
0464:Call ntdll.towupper(00000043) ret=6fffffc382cb
0464:Ret  ntdll.towupper() retval=00000043 ret=6fffffc382cb
0464:Call ntdll.towupper(00000041) ret=6fffffc382d4
0464:Ret  ntdll.towupper() retval=00000041 ret=6fffffc382d4
0464:Call ntdll.towupper(00000043) ret=6fffffc382cb
0464:Ret  ntdll.towupper() retval=00000043 ret=6fffffc382cb
0464:Call ntdll.towupper(00000061) ret=6fffffc382d4
0464:Ret  ntdll.towupper() retval=00000041 ret=6fffffc382d4
0464:Call ntdll.towupper(00000043) ret=6fffffc382cb
0464:Ret  ntdll.towupper() retval=00000043 ret=6fffffc382cb
0464:Call ntdll.towupper(00000041) ret=6fffffc382d4
0464:Ret  ntdll.towupper() retval=00000041 ret=6fffffc382d4
0464:Call ntdll.towupper(00000043) ret=6fffffc382cb
0464:Ret  ntdll.towupper() retval=00000043 ret=6fffffc382cb
0464:Call ntdll.towupper(00000061) ret=6fffffc382d4
0464:Ret  ntdll.towupper() retval=00000041 ret=6fffffc382d4
0464:Call ntdll.towupper(00000043) ret=6fffffc382cb
0464:Ret  ntdll.towupper() retval=00000043 ret=6fffffc382cb
0464:Call ntdll.towupper(00000041) ret=6fffffc382d4
0464:Ret  ntdll.towupper() retval=00000041 ret=6fffffc382d4
0464:Call ntdll.towupper(00000043) ret=6fffffc382cb
0464:Ret  ntdll.towupper() retval=00000043 ret=6fffffc382cb
0464:Call ntdll.towupper(00000061) ret=6fffffc382d4
0464:Ret  ntdll.towupper() retval=00000041 ret=6fffffc382d4
0464:Call ntdll.towupper(00000043) ret=6fffffc382cb
0464:Ret  ntdll.towupper() retval=00000043 ret=6fffffc382cb
0464:Call ntdll.towupper(00000041) ret=6fffffc382d4
0464:Ret  ntdll.towupper() retval=00000041 ret=6fffffc382d4
0464:Call ntdll.towupper(00000043) ret=6fffffc382cb
0464:Ret  ntdll.towupper() retval=00000043 ret=6fffffc382cb
0464:Call ntdll.towupper(00000061) ret=6fffffc382d4
0464:Ret  ntdll.towupper() retval=00000041 ret=6fffffc382d4
0464:Call ntdll.towupper(00000043) ret=6fffffc382cb
0464:Ret  ntdll.towupper() retval=00000043 ret=6fffffc382cb
0464:Call ntdll.towupper(00000041) ret=6fffffc382d4
0464:Ret  ntdll.towupper() retval=00000041 ret=6fffffc382d4
0464:Call ntdll.towupper(00000043) ret=6fffffc382cb
0464:Ret  ntdll.towupper() retval=00000043 ret=6fffffc382cb
0464:Call ntdll.towupper(00000061) ret=6fffffc382d4
0464:Ret  ntdll.towupper() retval=00000041 ret=6fffffc382d4
0464:Call ntdll.towupper(00000043) ret=6fffffc382cb
0464:Ret  ntdll.towupper() retval=00000043 ret=6fffffc382cb
0464:Call ntdll.towupper(00000041) ret=6fffffc382d4
0464:Ret  ntdll.towupper() retval=00000041 ret=6fffffc382d4
0464:Call ntdll.towupper(00000043) ret=6fffffc382cb
0464:Ret  ntdll.towupper() retval=00000043 ret=6fffffc382cb
0464:Call ntdll.towupper(00000061) ret=6fffffc382d4
0464:Ret  ntdll.towupper() retval=00000041 ret=6fffffc382d4
0464:Call ntdll.towupper(00000043) ret=6fffffc382cb
0464:Ret  ntdll.towupper() retval=00000043 ret=6fffffc382cb
0464:Call ntdll.towupper(00000041) ret=6fffffc382d4
0464:Ret  ntdll.towupper() retval=00000041 ret=6fffffc382d4
0464:Call ntdll.towupper(00000043) ret=6fffffc382cb
0464:Ret  ntdll.towupper() retval=00000043 ret=6fffffc382cb
0464:Call ntdll.towupper(00000061) ret=6fffffc382d4
0464:Ret  ntdll.towupper() retval=00000041 ret=6fffffc382d4
0464:Call ntdll.towupper(00000043) ret=6fffffc382cb
0464:Ret  ntdll.towupper() retval=00000043 ret=6fffffc382cb
0464:Call ntdll.towupper(00000041) ret=6fffffc382d4
0464:Ret  ntdll.towupper() retval=00000041 ret=6fffffc382d4
0464:Call ntdll.towupper(00000043) ret=6fffffc382cb
0464:Ret  ntdll.towupper() retval=00000043 ret=6fffffc382cb
0464:Call ntdll.towupper(00000061) ret=6fffffc382d4
0464:Ret  ntdll.towupper() retval=00000041 ret=6fffffc382d4
0464:Call ntdll.towupper(00000043) ret=6fffffc382cb
0464:Ret  ntdll.towupper() retval=00000043 ret=6fffffc382cb
0464:Call ntdll.towupper(00000041) ret=6fffffc382d4
0464:Ret  ntdll.towupper() retval=00000041 ret=6fffffc382d4
0464:Call ntdll.towupper(00000043) ret=6fffffc382cb
0464:Ret  ntdll.towupper() retval=00000043 ret=6fffffc382cb
0464:Call ntdll.towupper(00000061) ret=6fffffc382d4
0464:Ret  ntdll.towupper() retval=00000041 ret=6fffffc382d4
0464:Call ntdll.towupper(00000043) ret=6fffffc382cb
0464:Ret  ntdll.towupper() retval=00000043 ret=6fffffc382cb
0464:Call ntdll.towupper(00000041) ret=6fffffc382d4
0464:Ret  ntdll.towupper() retval=00000041 ret=6fffffc382d4
0464:Call ntdll.towupper(00000043) ret=6fffffc382cb
0464:Ret  ntdll.towupper() retval=00000043 ret=6fffffc382cb
0464:Call ntdll.towupper(00000061) ret=6fffffc382d4
0464:Ret  ntdll.towupper() retval=00000041 ret=6fffffc382d4
0464:Call ntdll.towupper(00000043) ret=6fffffc382cb
0464:Ret  ntdll.towupper() retval=00000043 ret=6fffffc382cb
0464:Call ntdll.towupper(00000041) ret=6fffffc382d4
0464:Ret  ntdll.towupper() retval=00000041 ret=6fffffc382d4
0464:Call ntdll.towupper(00000043) ret=6fffffc382cb
0464:Ret  ntdll.towupper() retval=00000043 ret=6fffffc382cb
0464:Call ntdll.towupper(00000061) ret=6fffffc382d4
0464:Ret  ntdll.towupper() retval=00000041 ret=6fffffc382d4
0464:Call ntdll.towupper(00000043) ret=6fffffc382cb
0464:Ret  ntdll.towupper() retval=00000043 ret=6fffffc382cb
0464:Call ntdll.towupper(00000041) ret=6fffffc382d4
0464:Ret  ntdll.towupper() retval=00000041 ret=6fffffc382d4
0464:Call ntdll.towupper(00000043) ret=6fffffc382cb
0464:Ret  ntdll.towupper() retval=00000043 ret=6fffffc382cb
0464:Call ntdll.towupper(00000061) ret=6fffffc382d4
0464:Ret  ntdll.towupper() retval=00000041 ret=6fffffc382d4
0464:Call ntdll.towupper(00000043) ret=6fffffc382cb
0464:Ret  ntdll.towupper() retval=00000043 ret=6fffffc382cb
0464:Call ntdll.towupper(00000041) ret=6fffffc382d4
0464:Ret  ntdll.towupper() retval=00000041 ret=6fffffc382d4
0464:Call ntdll.towupper(00000043) ret=6fffffc382cb
0464:Ret  ntdll.towupper() retval=00000043 ret=6fffffc382cb
0464:Call ntdll.towupper(00000061) ret=6fffffc382d4
0464:Ret  ntdll.towupper() retval=00000041 ret=6fffffc382d4
0464:Call ntdll.towupper(00000043) ret=6fffffc382cb
0464:Ret  ntdll.towupper() retval=00000043 ret=6fffffc382cb
0464:Call ntdll.towupper(00000041) ret=6fffffc382d4
0464:Ret  ntdll.towupper() retval=00000041 ret=6fffffc382d4
0464:Call ntdll.towupper(00000043) ret=6fffffc382cb
0464:Ret  ntdll.towupper() retval=00000043 ret=6fffffc382cb
0464:Call ntdll.towupper(00000061) ret=6fffffc382d4
0464:Ret  ntdll.towupper() retval=00000041 ret=6fffffc382d4
0464:Call ntdll.towupper(00000043) ret=6fffffc382cb
0464:Ret  ntdll.towupper() retval=00000043 ret=6fffffc382cb
0464:Call ntdll.towupper(00000041) ret=6fffffc382d4
0464:Ret  ntdll.towupper() retval=00000041 ret=6fffffc382d4
0464:Call ntdll.towupper(00000043) ret=6fffffc382cb
0464:Ret  ntdll.towupper() retval=00000043 ret=6fffffc382cb
0464:Call ntdll.towupper(00000061) ret=6fffffc382d4
0464:Ret  ntdll.towupper() retval=00000041 ret=6fffffc382d4
0464:Call ntdll.towupper(00000043) ret=6fffffc382cb
0464:Ret  ntdll.towupper() retval=00000043 ret=6fffffc382cb
0464:Call ntdll.towupper(00000041) ret=6fffffc382d4
0464:Ret  ntdll.towupper() retval=00000041 ret=6fffffc382d4
0464:Call ntdll.towupper(00000043) ret=6fffffc382cb
0464:Ret  ntdll.towupper() retval=00000043 ret=6fffffc382cb
0464:Call ntdll.towupper(00000061) ret=6fffffc382d4
0464:Ret  ntdll.towupper() retval=00000041 ret=6fffffc382d4
0464:Call ntdll.towupper(00000043) ret=6fffffc382cb
0464:Ret  ntdll.towupper() retval=00000043 ret=6fffffc382cb
0464:Call ntdll.towupper(00000041) ret=6fffffc382d4
0464:Ret  ntdll.towupper() retval=00000041 ret=6fffffc382d4
0464:Call ntdll.towupper(00000043) ret=6fffffc382cb
0464:Ret  ntdll.towupper() retval=00000043 ret=6fffffc382cb
0464:Call ntdll.towupper(00000061) ret=6fffffc382d4
0464:Ret  ntdll.towupper() retval=00000041 ret=6fffffc382d4
0464:Call ntdll.towupper(00000043) ret=6fffffc382cb
0464:Ret  ntdll.towupper() retval=00000043 ret=6fffffc382cb
0464:Call ntdll.towupper(00000041) ret=6fffffc382d4
0464:Ret  ntdll.towupper() retval=00000041 ret=6fffffc382d4
0464:Call ntdll.towupper(00000043) ret=6fffffc382cb
0464:Ret  ntdll.towupper() retval=00000043 ret=6fffffc382cb
0464:Call ntdll.towupper(00000061) ret=6fffffc382d4
0464:Ret  ntdll.towupper() retval=00000041 ret=6fffffc382d4
0464:Call ntdll.towupper(00000043) ret=6fffffc382cb
0464:Ret  ntdll.towupper() retval=00000043 ret=6fffffc382cb
0464:Call ntdll.towupper(00000041) ret=6fffffc382d4
0464:Ret  ntdll.towupper() retval=00000041 ret=6fffffc382d4
0464:Call ntdll.towupper(00000043) ret=6fffffc382cb
0464:Ret  ntdll.towupper() retval=00000043 ret=6fffffc382cb
0464:Call ntdll.towupper(00000061) ret=6fffffc382d4
0464:Ret  ntdll.towupper() retval=00000041 ret=6fffffc382d4
0464:Call ntdll.towupper(00000043) ret=6fffffc382cb
0464:Ret  ntdll.towupper() retval=00000043 ret=6fffffc382cb
0464:Call ntdll.towupper(00000041) ret=6fffffc382d4
0464:Ret  ntdll.towupper() retval=00000041 ret=6fffffc382d4
0464:Call ntdll.towupper(00000043) ret=6fffffc382cb
0464:Ret  ntdll.towupper() retval=00000043 ret=6fffffc382cb
0464:Call ntdll.towupper(00000061) ret=6fffffc382d4
0464:Ret  ntdll.towupper() retval=00000041 ret=6fffffc382d4
0464:Call ntdll.towupper(00000043) ret=6fffffc382cb
0464:Ret  ntdll.towupper() retval=00000043 ret=6fffffc382cb
0464:Call ntdll.towupper(00000041) ret=6fffffc382d4
0464:Ret  ntdll.towupper() retval=00000041 ret=6fffffc382d4
0464:Call ntdll.towupper(00000043) ret=6fffffc382cb
0464:Ret  ntdll.towupper() retval=00000043 ret=6fffffc382cb
0464:Call ntdll.towupper(00000061) ret=6fffffc382d4
0464:Ret  ntdll.towupper() retval=00000041 ret=6fffffc382d4
0464:Call ntdll.towupper(00000043) ret=6fffffc382cb
0464:Ret  ntdll.towupper() retval=00000043 ret=6fffffc382cb
0464:Call ntdll.towupper(00000041) ret=6fffffc382d4
0464:Ret  ntdll.towupper() retval=00000041 ret=6fffffc382d4
0464:Call ntdll.towupper(00000043) ret=6fffffc382cb
0464:Ret  ntdll.towupper() retval=00000043 ret=6fffffc382cb
0464:Call ntdll.towupper(00000061) ret=6fffffc382d4
0464:Ret  ntdll.towupper() retval=00000041 ret=6fffffc382d4
0464:Call ntdll.towupper(00000043) ret=6fffffc382cb
0464:Ret  ntdll.towupper() retval=00000043 ret=6fffffc382cb
0464:Call ntdll.towupper(00000041) ret=6fffffc382d4
0464:Ret  ntdll.towupper() retval=00000041 ret=6fffffc382d4
0464:Call ntdll.towupper(00000043) ret=6fffffc382cb
0464:Ret  ntdll.towupper() retval=00000043 ret=6fffffc382cb
0464:Call ntdll.towupper(00000061) ret=6fffffc382d4
0464:Ret  ntdll.towupper() retval=00000041 ret=6fffffc382d4
0464:Call ntdll.towupper(00000043) ret=6fffffc382cb
0464:Ret  ntdll.towupper() retval=00000043 ret=6fffffc382cb
0464:Call ntdll.towupper(00000041) ret=6fffffc382d4
0464:Ret  ntdll.towupper() retval=00000041 ret=6fffffc382d4
0464:Call ntdll.towupper(00000043) ret=6fffffc382cb
0464:Ret  ntdll.towupper() retval=00000043 ret=6fffffc382cb
0464:Call ntdll.towupper(00000061) ret=6fffffc382d4
0464:Ret  ntdll.towupper() retval=00000041 ret=6fffffc382d4
0464:Call ntdll.towupper(00000043) ret=6fffffc382cb
0464:Ret  ntdll.towupper() retval=00000043 ret=6fffffc382cb
0464:Call ntdll.towupper(00000041) ret=6fffffc382d4
0464:Ret  ntdll.towupper() retval=00000041 ret=6fffffc382d4
0464:Call ntdll.towupper(00000043) ret=6fffffc382cb
0464:Ret  ntdll.towupper() retval=00000043 ret=6fffffc382cb
0464:Call ntdll.towupper(00000061) ret=6fffffc382d4
0464:Ret  ntdll.towupper() retval=00000041 ret=6fffffc382d4
0464:Call ntdll.towupper(00000043) ret=6fffffc382cb
0464:Ret  ntdll.towupper() retval=00000043 ret=6fffffc382cb
0464:Call ntdll.towupper(00000041) ret=6fffffc382d4
0464:Ret  ntdll.towupper() retval=00000041 ret=6fffffc382d4
046c:Ret  ntdll.RtlAllocateHeap() retval=00286890 ret=6ffffe9fe1ad
0464:Call ntdll.NtQueryDirectoryFile(00000058,00000000,00000000,00000000,002171f0,002904e0,ff0000ff00002000,ff00ff0000000003,00000000,00000000,6fff00000000) ret=6fffffc3a742
046c:Call ntdll.RtlAllocateHeap(00240000,00000008,0000003c) ret=6ffffe9fe1ad
046c:Ret  ntdll.RtlAllocateHeap() retval=00280fc0 ret=6ffffe9fe1ad
046c:Call ntdll.RtlAllocateHeap(00240000,00000008,00000062) ret=6ffffe9fe1ad
046c:Ret  ntdll.RtlAllocateHeap() retval=00284d00 ret=6ffffe9fe1ad
046c:Call ntdll.RtlAllocateHeap(00240000,00000008,000000a6) ret=6ffffe9fe1ad
046c:Ret  ntdll.RtlAllocateHeap() retval=00284d70 ret=6ffffe9fe1ad
046c:Call ntdll.RtlAllocateHeap(00240000,00000008,0000003c) ret=6ffffe9fe1ad
046c:Ret  ntdll.RtlAllocateHeap() retval=00281010 ret=6ffffe9fe1ad
046c:Call ntdll.RtlAllocateHeap(00240000,00000008,0000004c) ret=6ffffe9fe1ad
046c:Ret  ntdll.RtlAllocateHeap() retval=00281b10 ret=6ffffe9fe1ad
046c:Call ntdll.RtlAllocateHeap(00240000,00000008,000000a2) ret=6ffffe9fe1ad
046c:Ret  ntdll.RtlAllocateHeap() retval=00284e20 ret=6ffffe9fe1ad
046c:Call ntdll.RtlAllocateHeap(00240000,00000008,000000b2) ret=6ffffe9fe1ad
046c:Ret  ntdll.RtlAllocateHeap() retval=00284ed0 ret=6ffffe9fe1ad
046c:Call ntdll.RtlAllocateHeap(00240000,00000008,00000024) ret=6ffffe9fe1ad
046c:Ret  ntdll.RtlAllocateHeap() retval=00284590 ret=6ffffe9fe1ad
046c:Call ntdll.RtlAllocateHeap(00240000,00000008,0000002a) ret=6ffffe9fe1ad
046c:Ret  ntdll.RtlAllocateHeap() retval=002868d0 ret=6ffffe9fe1ad
046c:Call ntdll.RtlAllocateHeap(00240000,00000008,0000001e) ret=6ffffe9fe1ad
046c:Ret  ntdll.RtlAllocateHeap() retval=002845c0 ret=6ffffe9fe1ad
046c:Call ntdll.RtlAllocateHeap(00240000,00000008,0000002c) ret=6ffffe9fe1ad
